[2025-03-15 16:40:23] [32minfo[39m: Connected to MongoDB
[2025-03-15 16:40:23] [32minfo[39m: Listening to port 3000
[2025-03-15 16:40:29] [32minfo[39m: GET /api/posts/?serchText=&tags=gym 200 - 89.507 ms
[2025-03-15 16:45:17] [31merror[39m: Please authenticate
[2025-03-15 16:45:17] [31merror[39m: GET /api/posts/?postName=4%20Post&tags=gym 400 - 16.277 ms - message: Please authenticate
[2025-03-15 16:46:47] [31merror[39m: Please authenticate
[2025-03-15 16:46:47] [31merror[39m: GET /api/posts/?postName=4%20Post&tags=gym 400 - 10.229 ms - message: Please authenticate
[2025-03-15 16:46:56] [31merror[39m: Please authenticate
[2025-03-15 16:46:56] [31merror[39m: GET /api/posts/?startDate=2025-04-15&tags=gym 400 - 9.632 ms - message: Please authenticate
[2025-03-15 16:48:23] [32minfo[39m: Connected to MongoDB
[2025-03-15 16:48:23] [32minfo[39m: Listening to port 3000
[2025-03-15 16:48:26] [31merror[39m: Please authenticate
[2025-03-15 16:48:26] [31merror[39m: GET /api/posts/?startDate=2025-04-15&tags=gym 400 - 22.769 ms - message: Please authenticate
[2025-03-15 16:48:43] [32minfo[39m: POST /api/auth/login 200 - 306.957 ms
[2025-03-15 16:48:53] [32minfo[39m: GET /api/posts/?startDate=2025-04-15&tags=gym 200 - 47.130 ms
[2025-03-15 16:49:02] [32minfo[39m: GET /api/posts/?postName=4%20Post&tags=gym 200 - 22.342 ms
[2025-03-15 16:49:34] [32minfo[39m: GET /api/posts/?postName=4%20Post&tags=gym&description=This%20is%20a%20description%20of%203%20post 200 - 19.702 ms
[2025-03-15 16:49:42] [32minfo[39m: GET /api/posts/?description=This%20is%20a%20description%20of%203%20post 200 - 26.621 ms
[2025-03-15 16:54:07] [32minfo[39m: Connected to MongoDB
[2025-03-15 16:54:07] [32minfo[39m: Listening to port 3000
[2025-03-15 16:54:11] [32minfo[39m: Connected to MongoDB
[2025-03-15 16:54:11] [32minfo[39m: Listening to port 3000
[2025-03-15 16:54:22] [32minfo[39m: Connected to MongoDB
[2025-03-15 16:54:22] [32minfo[39m: Listening to port 3000
[2025-03-15 16:54:24] [32minfo[39m: Connected to MongoDB
[2025-03-15 16:54:24] [32minfo[39m: Listening to port 3000
[2025-03-15 16:54:31] [32minfo[39m: GET /api/posts/?description=This%20is%20a%20description%20of%203%20post 200 - 52.223 ms
[2025-03-15 16:59:13] [32minfo[39m: Connected to MongoDB
[2025-03-15 16:59:13] [32minfo[39m: Listening to port 3000
[2025-03-15 17:00:00] [32minfo[39m: Connected to MongoDB
[2025-03-15 17:00:00] [32minfo[39m: Listening to port 3000
[2025-03-15 17:00:07] [32minfo[39m: GET /api/posts/?description=This%20is%20a%20description%20of%203%20post 200 - 60.981 ms
[2025-03-15 17:00:20] [32minfo[39m: GET /api/posts/?description=This%20is%20a%20description%20of%203%20post 200 - 20.352 ms
[2025-03-15 17:00:21] [32minfo[39m: GET /api/posts/?description=This%20is%20a%20description%20of%203%20post 200 - 22.960 ms
[2025-03-15 17:00:44] [32minfo[39m: GET /api/posts/?description=3%20post 200 - 21.958 ms
[2025-03-15 17:01:05] [32minfo[39m: GET /api/posts/?description=3%20post 200 - 20.127 ms
[2025-03-15 17:01:26] [32minfo[39m: Connected to MongoDB
[2025-03-15 17:01:26] [32minfo[39m: Listening to port 3000
[2025-03-15 17:01:39] [32minfo[39m: GET /api/posts/?description=3%20post 200 - 52.653 ms
[2025-03-15 17:02:14] [32minfo[39m: GET /api/posts/?postName=4%20Post&description=description 200 - 19.769 ms
[2025-03-15 17:02:30] [32minfo[39m: GET /api/posts/?postName=4%20Post 200 - 12.694 ms
[2025-03-15 17:02:48] [32minfo[39m: GET /api/posts/?postName=4%20Post 200 - 11.134 ms
[2025-03-15 17:03:14] [32minfo[39m: Connected to MongoDB
[2025-03-15 17:03:14] [32minfo[39m: Listening to port 3000
[2025-03-15 17:03:20] [32minfo[39m: GET /api/posts/?postName=4%20Post 200 - 42.024 ms
[2025-03-15 17:03:54] [32minfo[39m: GET /api/posts/?postName=second 200 - 23.444 ms
[2025-03-15 17:04:07] [32minfo[39m: GET /api/posts/?postName=second%20Post 200 - 18.951 ms
[2025-03-15 17:04:22] [32minfo[39m: GET /api/posts/?postName=thired%20Post 200 - 15.541 ms
[2025-03-15 17:04:39] [32minfo[39m: Connected to MongoDB
[2025-03-15 17:04:39] [32minfo[39m: Listening to port 3000
[2025-03-15 17:04:43] [32minfo[39m: Connected to MongoDB
[2025-03-15 17:04:43] [32minfo[39m: Listening to port 3000
[2025-03-15 17:04:48] [32minfo[39m: GET /api/posts/?postName=thired%20Post 200 - 52.593 ms
[2025-03-15 17:05:02] [32minfo[39m: GET /api/posts/?serchText=thired%20Post 200 - 23.793 ms
[2025-03-15 17:05:20] [32minfo[39m: GET /api/posts/?serchText=My%20First%20Blog%20Post 200 - 16.154 ms
[2025-03-15 17:05:28] [32minfo[39m: GET /api/posts/ 200 - 13.837 ms
[2025-03-15 17:07:02] [32minfo[39m: Connected to MongoDB
[2025-03-15 17:07:02] [32minfo[39m: Listening to port 3000
[2025-03-15 17:07:07] [32minfo[39m: Connected to MongoDB
[2025-03-15 17:07:07] [32minfo[39m: Listening to port 3000
[2025-03-15 17:07:18] [32minfo[39m: GET /api/posts/?serchText=My%20First%20Blog%20Post 200 - 76.671 ms
[2025-03-15 17:07:32] [32minfo[39m: GET /api/posts/?postName=My%20First%20Blog%20Post 200 - 27.346 ms
[2025-03-15 17:07:49] [32minfo[39m: GET /api/posts/?postName=thired 200 - 18.650 ms
[2025-03-15 17:08:08] [32minfo[39m: GET /api/posts/?postName=thired%20Post 200 - 22.881 ms
[2025-03-15 17:08:10] [32minfo[39m: GET /api/posts/?postName=thired%20Post 200 - 25.564 ms
[2025-03-15 17:08:14] [32minfo[39m: GET /api/posts/?postName=thired%20Post 200 - 16.250 ms
[2025-03-15 17:09:48] [32minfo[39m: GET /api/posts/?postName=thired%20Post&description=description 200 - 13.107 ms
[2025-03-15 17:09:49] [32minfo[39m: GET /api/posts/?postName=thired%20Post&description=description 200 - 8.465 ms
[2025-03-15 17:09:51] [32minfo[39m: GET /api/posts/?postName=thired%20Post&description=description 200 - 11.923 ms
[2025-03-15 17:10:06] [32minfo[39m: Connected to MongoDB
[2025-03-15 17:10:06] [32minfo[39m: Listening to port 3000
[2025-03-15 17:10:09] [32minfo[39m: Connected to MongoDB
[2025-03-15 17:10:09] [32minfo[39m: Listening to port 3000
[2025-03-15 17:10:47] [32minfo[39m: GET /api/posts/?postName=thired%20Post 200 - 37.521 ms
[2025-03-15 17:10:53] [32minfo[39m: GET /api/posts/ 200 - 15.429 ms
[2025-03-15 17:10:59] [32minfo[39m: GET /api/posts/?tags=gym 200 - 19.794 ms
[2025-03-15 17:11:28] [32minfo[39m: GET /api/posts/?tags=blog 200 - 12.603 ms
[2025-03-15 17:12:00] [32minfo[39m: GET /api/posts/?postName=thired%20Post 200 - 13.000 ms
[2025-03-15 17:13:25] [32minfo[39m: Connected to MongoDB
[2025-03-15 17:13:25] [32minfo[39m: Listening to port 3000
[2025-03-15 17:13:31] [32minfo[39m: GET /api/posts/?postName=thired%20Post 200 - 51.567 ms
[2025-03-15 17:13:41] [32minfo[39m: GET /api/posts/?postName=thired%20Post 200 - 20.541 ms
[2025-03-15 17:14:16] [32minfo[39m: Connected to MongoDB
[2025-03-15 17:14:16] [32minfo[39m: Listening to port 3000
[2025-03-15 17:15:35] [32minfo[39m: Connected to MongoDB
[2025-03-15 17:15:35] [32minfo[39m: Listening to port 3000
[2025-03-15 17:15:39] [32minfo[39m: GET /api/posts/?postName=thired%20Post 200 - 71.626 ms
[2025-03-15 17:16:44] [32minfo[39m: Connected to MongoDB
[2025-03-15 17:16:44] [32minfo[39m: Listening to port 3000
[2025-03-15 17:16:51] [32minfo[39m: GET /api/posts/?postName=thired%20Post 200 - 44.080 ms
[2025-03-15 17:16:52] [32minfo[39m: GET /api/posts/?postName=thired%20Post 200 - 21.774 ms
[2025-03-15 17:16:59] [32minfo[39m: GET /api/posts/?postName=thired%20Post&description=description 200 - 16.534 ms
[2025-03-15 17:17:02] [32minfo[39m: GET /api/posts/?postName=thired%20Post&description=description 200 - 19.596 ms
[2025-03-15 17:17:03] [32minfo[39m: GET /api/posts/?postName=thired%20Post&description=description 200 - 17.225 ms
[2025-03-15 17:18:18] [32minfo[39m: Connected to MongoDB
[2025-03-15 17:18:18] [32minfo[39m: Listening to port 3000
[2025-03-15 17:18:22] [32minfo[39m: Connected to MongoDB
[2025-03-15 17:18:22] [32minfo[39m: Listening to port 3000
[2025-03-15 17:18:31] [32minfo[39m: GET /api/posts/?postName=thired%20Post&description=description 200 - 41.203 ms
[2025-03-15 17:18:41] [32minfo[39m: GET /api/posts/?postName=thired%20Post 200 - 20.582 ms
[2025-03-15 17:18:57] [31merror[39m: Please authenticate
[2025-03-15 17:18:57] [31merror[39m: GET /api/posts/?description=description 400 - 8.724 ms - message: Please authenticate
[2025-03-15 17:19:11] [32minfo[39m: POST /api/auth/login 200 - 454.987 ms
[2025-03-15 17:19:24] [32minfo[39m: GET /api/posts/?description=description 200 - 18.434 ms
[2025-03-15 17:19:38] [32minfo[39m: GET /api/posts/?postName=thired%20Post 200 - 17.320 ms
[2025-03-15 17:20:06] [32minfo[39m: Connected to MongoDB
[2025-03-15 17:20:06] [32minfo[39m: Listening to port 3000
[2025-03-15 17:21:18] [32minfo[39m: Connected to MongoDB
[2025-03-15 17:21:18] [32minfo[39m: Listening to port 3000
[2025-03-15 17:21:26] [32minfo[39m: GET /api/posts/?postName=thired%20Post 200 - 79.309 ms
[2025-03-15 17:21:55] [32minfo[39m: GET /api/posts/?postName=second 200 - 18.731 ms
[2025-03-15 17:23:02] [32minfo[39m: Connected to MongoDB
[2025-03-15 17:23:02] [32minfo[39m: Listening to port 3000
[2025-03-15 17:23:03] [32minfo[39m: GET /api/posts/?postName=second 200 - 52.349 ms
[2025-03-15 17:23:29] [32minfo[39m: GET /api/posts/?searchText=second 200 - 40.679 ms
[2025-03-15 17:23:40] [32minfo[39m: GET /api/posts/?searchText=second%20Post 200 - 17.862 ms
[2025-03-15 17:24:10] [32minfo[39m: Connected to MongoDB
[2025-03-15 17:24:10] [32minfo[39m: Listening to port 3000
[2025-03-15 17:24:21] [32minfo[39m: GET /api/posts/?searchText=This%20is%20a%20description%20of%20my%20first%20blog%20post 200 - 70.140 ms
[2025-03-15 17:24:38] [32minfo[39m: GET /api/posts/?searchText=thired%20Post 200 - 19.237 ms
[2025-03-15 17:25:04] [32minfo[39m: POST /api/posts/ 200 - 109.481 ms
[2025-03-15 17:25:18] [32minfo[39m: GET /api/posts/?searchText=tarak%20mehta 200 - 19.677 ms
[2025-03-15 17:27:01] [32minfo[39m: Connected to MongoDB
[2025-03-15 17:27:01] [32minfo[39m: Listening to port 3000
[2025-03-15 17:44:53] info: Connected to MongoDB
[2025-03-15 17:44:53] info: Listening to port 3000
[2025-03-15 17:45:29] info: Connected to MongoDB
[2025-03-15 17:45:29] info: Listening to port 3000
[2025-03-15 17:48:34] [32minfo[39m: Connected to MongoDB
[2025-03-15 17:50:26] [32minfo[39m: Connected to MongoDB
[2025-03-15 17:50:26] [32minfo[39m: Listening to port 3000
[2025-03-15 17:52:24] [32minfo[39m: Connected to MongoDB
[2025-03-15 17:52:24] [32minfo[39m: Listening to port 3000
[2025-03-15 17:54:47] [32minfo[39m: Connected to MongoDB
[2025-03-15 17:54:47] [32minfo[39m: Listening to port 3000
[2025-03-15 17:54:52] [32minfo[39m: Connected to MongoDB
[2025-03-15 17:54:52] [32minfo[39m: Listening to port 3000
[2025-03-15 17:55:28] [32minfo[39m: Connected to MongoDB
[2025-03-15 17:55:28] [32minfo[39m: Listening to port 3000
[2025-03-15 17:55:42] [32minfo[39m: Connected to MongoDB
[2025-03-15 17:55:42] [32minfo[39m: Listening to port 3000
[2025-03-15 17:56:46] [31merror[39m: Name is required
[2025-03-15 17:56:46] [31merror[39m: POST /api/auth/signup 500 - 352.565 ms - message: Name is required
[2025-03-15 17:56:56] [31merror[39m: Email address is required
[2025-03-15 17:56:56] [31merror[39m: POST /api/auth/login 500 - 2.757 ms - message: Email address is required
[2025-03-15 17:57:08] [31merror[39m: Email address is required, Password is required, Name is required
[2025-03-15 17:57:08] [31merror[39m: POST /api/auth/signup 500 - 2.923 ms - message: Email address is required, Password is required, Name is required
[2025-03-15 18:02:14] [32minfo[39m: Connected to MongoDB
[2025-03-15 18:02:14] [32minfo[39m: Listening to port 3000
[2025-03-15 18:02:25] [32minfo[39m: Connected to MongoDB
[2025-03-15 18:02:25] [32minfo[39m: Listening to port 3000
[2025-03-15 18:03:19] [32minfo[39m: Connected to MongoDB
[2025-03-15 18:03:19] [32minfo[39m: Listening to port 3000
[2025-03-15 18:06:21] [32minfo[39m: Connected to MongoDB
[2025-03-15 18:06:21] [32minfo[39m: Listening to port 3000
[2025-03-15 18:06:41] [32minfo[39m: Connected to MongoDB
[2025-03-15 18:06:41] [32minfo[39m: Listening to port 3000
[2025-03-15 18:06:43] [32minfo[39m: Connected to MongoDB
[2025-03-15 18:06:43] [32minfo[39m: Listening to port 3000
[2025-03-15 18:06:51] [32minfo[39m: Connected to MongoDB
[2025-03-15 18:06:51] [32minfo[39m: Listening to port 3000
[2025-03-15 18:08:09] [32minfo[39m: Connected to MongoDB
[2025-03-15 18:08:09] [32minfo[39m: Listening to port 3000
[2025-03-15 18:13:33] [32minfo[39m: Connected to MongoDB
[2025-03-15 18:13:33] [32minfo[39m: Listening to port 3000
[2025-03-15 18:14:09] [32minfo[39m: Connected to MongoDB
[2025-03-15 18:14:09] [32minfo[39m: Listening to port 3000
[2025-03-15 18:14:13] [32minfo[39m: Connected to MongoDB
[2025-03-15 18:14:13] [32minfo[39m: Listening to port 3000
[2025-03-15 18:14:17] [32minfo[39m: POST /api/auth/login 200 - 343.132 ms
[2025-03-15 18:15:42] [32minfo[39m: Connected to MongoDB
[2025-03-15 18:15:42] [32minfo[39m: Listening to port 3000
[2025-03-15 18:15:50] [32minfo[39m: Connected to MongoDB
[2025-03-15 18:15:50] [32minfo[39m: Listening to port 3000
[2025-03-15 18:15:56] [32minfo[39m: Connected to MongoDB
[2025-03-15 18:15:56] [32minfo[39m: Listening to port 3000
[2025-03-15 18:16:05] [32minfo[39m: Connected to MongoDB
[2025-03-15 18:16:05] [32minfo[39m: Listening to port 3000
[2025-03-15 18:16:14] [31merror[39m: User already exists
[2025-03-15 18:16:14] [31merror[39m: POST /api/auth/signup 400 - 41.458 ms - message: User already exists
[2025-03-15 18:16:26] [32minfo[39m: POST /api/auth/signup 201 - 130.750 ms
[2025-03-15 18:18:43] [32minfo[39m: Connected to MongoDB
[2025-03-15 18:18:43] [32minfo[39m: Listening to port 3000
[2025-03-15 21:29:43] [32minfo[39m: Connected to MongoDB
[2025-03-15 21:29:43] [32minfo[39m: Listening to port 3000
