[2025-03-15 16:45:17] [31merror[39m: Please authenticate
[2025-03-15 16:45:17] [31merror[39m: GET /api/posts/?postName=4%20Post&tags=gym 400 - 16.277 ms - message: Please authenticate
[2025-03-15 16:46:47] [31merror[39m: Please authenticate
[2025-03-15 16:46:47] [31merror[39m: GET /api/posts/?postName=4%20Post&tags=gym 400 - 10.229 ms - message: Please authenticate
[2025-03-15 16:46:56] [31merror[39m: Please authenticate
[2025-03-15 16:46:56] [31merror[39m: GET /api/posts/?startDate=2025-04-15&tags=gym 400 - 9.632 ms - message: Please authenticate
[2025-03-15 16:48:26] [31merror[39m: Please authenticate
[2025-03-15 16:48:26] [31merror[39m: GET /api/posts/?startDate=2025-04-15&tags=gym 400 - 22.769 ms - message: Please authenticate
[2025-03-15 17:18:57] [31merror[39m: Please authenticate
[2025-03-15 17:18:57] [31merror[39m: GET /api/posts/?description=description 400 - 8.724 ms - message: Please authenticate
[2025-03-15 17:48:34] [31merror[39m: Error: listen EADDRINUSE: address already in use :::3000
    at Server.setupListenHandle [as _listen2] (node:net:1872:16)
    at listenInCluster (node:net:1920:12)
    at Server.listen (node:net:2008:7)
    at Function.listen (E:\backend_assignment\node_modules\express\lib\application.js:635:24)
    at E:\backend_assignment\index.js:11:18
    at process.processTicksAndRejections (node:internal/process/task_queues:95:5)
[2025-03-15 17:56:46] [31merror[39m: Name is required
[2025-03-15 17:56:46] [31merror[39m: POST /api/auth/signup 500 - 352.565 ms - message: Name is required
[2025-03-15 17:56:56] [31merror[39m: Email address is required
[2025-03-15 17:56:56] [31merror[39m: POST /api/auth/login 500 - 2.757 ms - message: Email address is required
[2025-03-15 17:57:08] [31merror[39m: Email address is required, Password is required, Name is required
[2025-03-15 17:57:08] [31merror[39m: POST /api/auth/signup 500 - 2.923 ms - message: Email address is required, Password is required, Name is required
[2025-03-15 18:16:14] [31merror[39m: User already exists
[2025-03-15 18:16:14] [31merror[39m: POST /api/auth/signup 400 - 41.458 ms - message: User already exists
